// Vitest Snapshot v1, https://vitest.dev/guide/snapshot.html

exports[`API contract: @peac/crypto > barrel type exports match snapshot (static AST) 1`] = `[]`;

exports[`API contract: @peac/crypto > value exports match snapshot 1`] = `
[
  "CryptoError",
  "base64urlDecode",
  "base64urlDecodeString",
  "base64urlEncode",
  "base64urlEncodeString",
  "base64urlToHex",
  "bytesToHex",
  "canonicalize",
  "canonicalizeBytes",
  "computeJwkThumbprint",
  "decode",
  "derivePublicKey",
  "ed25519GetPublicKey",
  "ed25519RandomSecretKey",
  "ed25519Sign",
  "ed25519Verify",
  "generateKeypair",
  "hexToBase64url",
  "hexToBytes",
  "isFormatError",
  "jcsHash",
  "jwkToPublicKeyBytes",
  "sha256Base64url",
  "sha256Bytes",
  "sha256Hex",
  "sign",
  "signWire02",
  "validateKeypair",
  "validateWire02Header",
  "verify",
]
`;

exports[`API contract: @peac/kernel > barrel type exports match snapshot (static AST) 1`] = `
[
  "AgentProtocolEntry",
  "CarrierAdapter",
  "CarrierFormat",
  "CarrierMeta",
  "CarrierValidationResult",
  "ControlEngineEntry",
  "ErrorCategory",
  "ErrorCode",
  "ErrorDefinition",
  "EvidencePillar",
  "ExtensionGroupEntry",
  "JsonArray",
  "JsonObject",
  "JsonPrimitive",
  "JsonValue",
  "NextAction",
  "PaymentRailEntry",
  "PeacEvidenceCarrier",
  "PolicyBlock",
  "ProofTypeEntry",
  "ReceiptRef",
  "ReceiptTypeEntry",
  "RepresentationFields",
  "TransportMethodEntry",
  "VerificationStrictness",
  "VerificationWarning",
  "Wire02Kind",
  "WireVersion",
]
`;

exports[`API contract: @peac/kernel > value exports match snapshot 1`] = `
[
  "AGENT_PROTOCOLS",
  "ALGORITHMS",
  "BUNDLE_ERRORS",
  "BUNDLE_VERSION",
  "CONSTANTS",
  "CONTROL_ENGINES",
  "DISCOVERY",
  "DISPUTE_ERRORS",
  "ERRORS",
  "ERROR_CATEGORIES",
  "ERROR_CODES",
  "EXTENSION_BUDGET",
  "EXTENSION_GROUPS",
  "HASH",
  "HEADERS",
  "ISSUER_CONFIG",
  "ISS_CANONICAL",
  "JWKS",
  "LIMITS",
  "OCCURRED_AT_TOLERANCE_SECONDS",
  "PAYMENT_RAILS",
  "PEAC_ALG",
  "PEAC_RECEIPT_HEADER",
  "PEAC_RECEIPT_URL_HEADER",
  "PILLAR_VALUES",
  "POLICY",
  "POLICY_BLOCK",
  "PRIVATE_IP_RANGES",
  "PROOF_TYPES",
  "RECEIPT",
  "RECEIPT_TYPES",
  "REGISTRIES",
  "TRANSPORT_METHODS",
  "TYPE_GRAMMAR",
  "TYPE_TO_EXTENSION_MAP",
  "VARY_HEADERS",
  "VERIFICATION_MODES",
  "VERIFICATION_REPORT_VERSION",
  "VERIFIER_LIMITS",
  "VERIFIER_NETWORK",
  "VERIFIER_POLICY_VERSION",
  "WIRE_01_JWS_TYP",
  "WIRE_02_JWS_TYP",
  "WIRE_02_JWS_TYP_ACCEPT",
  "WIRE_02_VERSION",
  "WIRE_TYPE",
  "WIRE_VERSION",
  "WIRE_VERSIONS",
  "applyPurposeVary",
  "findAgentProtocol",
  "findControlEngine",
  "findExtensionGroup",
  "findPaymentRail",
  "findProofType",
  "findReceiptType",
  "findTransportMethod",
  "formatHash",
  "getError",
  "getPeacVaryHeaders",
  "isRetryable",
  "isValidHash",
  "needsPurposeVary",
  "parseHash",
]
`;

exports[`API contract: @peac/protocol > barrel type exports match snapshot (static AST) 1`] = `
[
  "JWK",
  "JWKS",
  "JWKSResolveError",
  "JWKSResolveResult",
  "JWKSResolveSuccess",
  "ResolveJWKSOptions",
  "RevokedKeyInfo",
]
`;

exports[`API contract: @peac/protocol > value exports match snapshot 1`] = `
[
  "CHECK_IDS",
  "DEFAULT_NETWORK_SECURITY",
  "DEFAULT_VERIFIER_LIMITS",
  "IssueError",
  "NON_DETERMINISTIC_ARTIFACT_KEYS",
  "VerificationReportBuilder",
  "base64urlDecode",
  "base64urlEncode",
  "buildFailureReport",
  "buildSuccessReport",
  "checkDocumentBinding",
  "checkPolicyBinding",
  "clearJWKSCache",
  "clearKidThumbprints",
  "computeDocumentDigest",
  "computeJsonDocumentDigestJcs",
  "computeJwkThumbprint",
  "computePolicyDigestJcs",
  "computeReceiptDigest",
  "computeTextDocumentDigestUtf8",
  "createDefaultPolicy",
  "createDigest",
  "createEmptyReport",
  "createReportBuilder",
  "fetchDiscovery",
  "fetchIssuerConfig",
  "fetchJWKSSafe",
  "fetchPointerSafe",
  "fetchPointerWithDigest",
  "fetchPolicyManifest",
  "generateKeypair",
  "getJWKSCacheSize",
  "getKidThumbprintSize",
  "getPurposeHeader",
  "getReceiptHeader",
  "getSSRFCapabilities",
  "isAttestationResult",
  "isBlockedIP",
  "isCommerceResult",
  "isWire02Result",
  "issue",
  "issueJws",
  "issueWire01",
  "issueWire02",
  "jwkToPublicKeyBytes",
  "parseBodyProfile",
  "parseDiscovery",
  "parseHeaderProfile",
  "parseIssuerConfig",
  "parsePointerProfile",
  "parsePolicyManifest",
  "parseTransportProfile",
  "reasonCodeToErrorCode",
  "reasonCodeToSeverity",
  "resetSSRFCapabilitiesCache",
  "resolveJWKS",
  "setPurposeAppliedHeader",
  "setPurposeReasonHeader",
  "setReceiptHeader",
  "setVaryHeader",
  "setVaryPurposeHeader",
  "sha256Bytes",
  "sha256Hex",
  "ssrfErrorToReasonCode",
  "ssrfSafeFetch",
  "verify",
  "verifyAndFetchPointer",
  "verifyLocal",
  "verifyReceipt",
  "verifyReceiptCore",
]
`;

exports[`API contract: @peac/schema > barrel type exports match snapshot (static AST) 1`] = `
[
  "AccessExtension",
  "ActorBinding",
  "AgentIdentityAttestation",
  "AgentIdentityEvidence",
  "AgentIdentityVerified",
  "AgentProof",
  "AttestationExtensions",
  "AttestationReceiptClaims",
  "AttestationValidationResult",
  "AttributionAttestation",
  "AttributionEvidence",
  "AttributionExtension",
  "AttributionSource",
  "AttributionUsage",
  "AuthContext",
  "BindingDetails",
  "CarrierAdapter",
  "CarrierFormat",
  "CarrierMeta",
  "CarrierValidationResult",
  "ChainVerificationResult",
  "ChallengeExtension",
  "ChallengeType",
  "CommerceExtension",
  "CommitmentClass",
  "ComplianceExtension",
  "ComplianceStatus",
  "ConsentExtension",
  "ConsentStatus",
  "ConstraintValidationResult",
  "ConstraintViolation",
  "ContactMethod",
  "ContentHash",
  "ContentSignalSource",
  "ContextMetadata",
  "ContributionObligation",
  "ContributionType",
  "ControlAction",
  "ControlActionType",
  "ControlTrigger",
  "ControlType",
  "CorrelationExtension",
  "CreateAgentIdentityAttestationParams",
  "CreateAttestationReceiptParams",
  "CreateAttributionAttestationParams",
  "CreateDisputeAttestationParams",
  "CreateInteractionParams",
  "CreateWorkflowSummaryParams",
  "CredentialEvent",
  "CredentialEventType",
  "CreditMethod",
  "CreditObligation",
  "CustodyEntry",
  "DerivationType",
  "Digest",
  "DigestAlg",
  "DisputeAttestation",
  "DisputeContact",
  "DisputeEvidence",
  "DisputeGrounds",
  "DisputeGroundsCode",
  "DisputeId",
  "DisputeOutcome",
  "DisputeResolution",
  "DisputeState",
  "DisputeTargetType",
  "DisputeType",
  "DocumentRef",
  "EnforcementContext",
  "EvidenceBlock",
  "EvidenceValidationResult",
  "Executor",
  "FingerprintRefObject",
  "HashAlgorithm",
  "HashEncoding",
  "IdentityBinding",
  "IdentityExtension",
  "InteractionEvidenceV01",
  "InteractionValidationResult",
  "JsonSafetyResult",
  "KernelConstraintKey",
  "MVISFields",
  "MVISReplayProtection",
  "MVISTimeBounds",
  "MetadataBlock",
  "MinimalInteractionBinding",
  "ObligationsExtension",
  "OrchestrationFramework",
  "PEACEnvelope",
  "PEACParseError",
  "ParseFailure",
  "ParseReceiptOptions",
  "ParseReceiptResult",
  "ParseSuccess",
  "PayloadRef",
  "PeacEvidenceCarrier",
  "PolicyContext",
  "PolicyDecision",
  "PrivacyExtension",
  "ProofType",
  "ProvenanceExtension",
  "PurposeExtension",
  "ReceiptClaimsType",
  "ReceiptRef",
  "ReceiptVariant",
  "ReceiptView",
  "RecipientScope",
  "Refs",
  "Remediation",
  "RemediationType",
  "ResourceTarget",
  "Result",
  "ResultStatus",
  "RetentionMode",
  "ReviewStatus",
  "RevocationReason",
  "RevokedKeyEntryInput",
  "RevokedKeyEntryOutput",
  "RiskLevel",
  "SafetyExtension",
  "SimpleValidationResult",
  "SlsaLevel",
  "StepId",
  "ToolRegistry",
  "ToolTarget",
  "TransportBinding",
  "Treaty",
  "UNSAFE_JsonEvidenceLimits",
  "ValidationError",
  "ValidationWarning",
  "Wire02Claims",
  "Wire02RepresentationFields",
  "WorkflowContext",
  "WorkflowErrorContext",
  "WorkflowId",
  "WorkflowStatus",
  "WorkflowSummaryAttestation",
  "WorkflowSummaryEvidence",
  "WorkflowValidationResult",
]
`;

exports[`API contract: @peac/schema > value exports match snapshot 1`] = `
[
  "ACCESS_EXTENSION_KEY",
  "ACTOR_BINDING_EXTENSION_KEY",
  "AGENT_IDENTITY_TYPE",
  "AIPREFSnapshotSchema",
  "ATTESTATION_LIMITS",
  "ATTESTATION_RECEIPT_TYPE",
  "ATTRIBUTION_EXTENSION_KEY",
  "ATTRIBUTION_LIMITS",
  "ATTRIBUTION_TYPE",
  "ATTRIBUTION_USAGES",
  "AccessExtensionSchema",
  "ActorBindingSchema",
  "AgentIdentityAttestationSchema",
  "AgentIdentityEvidenceSchema",
  "AgentIdentityVerifiedSchema",
  "AgentProofSchema",
  "AmountMinorStringSchema",
  "AttestationExtensionsSchema",
  "AttestationReceiptClaimsSchema",
  "AttestationSchema",
  "AttributionAttestationSchema",
  "AttributionEvidenceSchema",
  "AttributionExtensionSchema",
  "AttributionSourceSchema",
  "AttributionUsageSchema",
  "BindingDetailsSchema",
  "CANONICAL_DIGEST_ALGS",
  "CANONICAL_PURPOSES",
  "CARRIER_TRANSPORT_LIMITS",
  "CHALLENGE_EXTENSION_KEY",
  "CHALLENGE_TYPES",
  "COMMERCE_EXTENSION_KEY",
  "COMMITMENT_CLASSES",
  "COMPLIANCE_EXTENSION_KEY",
  "COMPLIANCE_STATUSES",
  "CONSENT_EXTENSION_KEY",
  "CONSENT_STATUSES",
  "CONTENT_SIGNAL_SOURCES",
  "CONTRIBUTION_TYPES",
  "CONTROL_ACTIONS",
  "CONTROL_ACTION_EXTENSION_KEY",
  "CONTROL_TRIGGERS",
  "CONTROL_TYPES",
  "CORRELATION_EXTENSION_KEY",
  "CREDENTIAL_EVENTS",
  "CREDENTIAL_EVENT_EXTENSION_KEY",
  "CREDIT_METHODS",
  "CanonicalIssSchema",
  "CanonicalPurposeSchema",
  "CarrierFormatSchema",
  "CarrierMetaSchema",
  "ChallengeExtensionSchema",
  "ChallengeTypeSchema",
  "CommerceExtensionSchema",
  "CommitmentClassSchema",
  "CompactJwsSchema",
  "ComplianceExtensionSchema",
  "ComplianceStatusSchema",
  "ConsentExtensionSchema",
  "ConsentStatusSchema",
  "ContactMethodSchema",
  "ContentHashSchema",
  "ContentSignalSourceSchema",
  "ContributionObligationSchema",
  "ContributionTypeSchema",
  "ControlActionSchema",
  "ControlActionTypeSchema",
  "ControlBlockSchema",
  "ControlDecisionSchema",
  "ControlLicensingModeSchema",
  "ControlPurposeSchema",
  "ControlStepSchema",
  "ControlTriggerSchema",
  "ControlTypeSchema",
  "CorrelationExtensionSchema",
  "CredentialEventSchema",
  "CredentialEventTypeSchema",
  "CredentialRefSchema",
  "CreditMethodSchema",
  "CreditObligationSchema",
  "CustodyEntrySchema",
  "DERIVATION_TYPES",
  "DIGEST_SIZE_CONSTANTS",
  "DIGEST_VALUE_PATTERN",
  "DISPUTE_GROUNDS_CODES",
  "DISPUTE_LIMITS",
  "DISPUTE_OUTCOMES",
  "DISPUTE_STATES",
  "DISPUTE_TARGET_TYPES",
  "DISPUTE_TRANSITIONS",
  "DISPUTE_TYPE",
  "DISPUTE_TYPES",
  "DerivationTypeSchema",
  "DigestAlgSchema",
  "DigestSchema",
  "DisputeAttestationSchema",
  "DisputeContactSchema",
  "DisputeEvidenceSchema",
  "DisputeGroundsCodeSchema",
  "DisputeGroundsSchema",
  "DisputeIdSchema",
  "DisputeOutcomeSchema",
  "DisputeResolutionSchema",
  "DisputeStateSchema",
  "DisputeTargetTypeSchema",
  "DisputeTypeSchema",
  "DocumentRefSchema",
  "ERROR_CATEGORIES_CANONICAL",
  "ERROR_CODES",
  "EXTENSION_BUDGET",
  "EXTENSION_KEY_PATTERN",
  "EXTENSION_LIMITS",
  "EvidencePillarSchema",
  "ExecutorSchema",
  "Extensions",
  "ExtensionsSchema",
  "HashAlgorithmSchema",
  "HashEncodingSchema",
  "HttpsUriHintSchema",
  "IDENTITY_EXTENSION_KEY",
  "INTERACTION_EXTENSION_KEY",
  "INTERACTION_LIMITS",
  "INTERNAL_PURPOSE_UNDECLARED",
  "IdentityBindingSchema",
  "IdentityExtensionSchema",
  "InteractionEvidenceV01Schema",
  "Iso8601DateSchema",
  "Iso8601DateStringSchema",
  "Iso8601DurationSchema",
  "Iso8601OffsetDateTimeSchema",
  "JSON_EVIDENCE_LIMITS",
  "JWSHeader",
  "JsonArraySchema",
  "JsonObjectSchema",
  "JsonPrimitiveSchema",
  "JsonValueSchema",
  "KERNEL_CONSTRAINTS",
  "KIND_FORMAT_PATTERN",
  "KindSchema",
  "MAX_PURPOSE_TOKENS_PER_REQUEST",
  "MAX_PURPOSE_TOKEN_LENGTH",
  "MIDDLEWARE_INTERACTION_KEY",
  "MVISFieldsSchema",
  "MVISReplayProtectionSchema",
  "MVISTimeBoundsSchema",
  "MinimalInteractionBindingSchema",
  "NormalizedPayment",
  "OBLIGATIONS_EXTENSION_KEY",
  "ORCHESTRATION_FRAMEWORKS",
  "ObligationsExtensionSchema",
  "OrchestrationFrameworkSchema",
  "PEAC_ALG",
  "PEAC_DISCOVERY_MAX_BYTES",
  "PEAC_DISCOVERY_PATH",
  "PEAC_ISSUER_CONFIG_MAX_BYTES",
  "PEAC_ISSUER_CONFIG_PATH",
  "PEAC_ISSUER_CONFIG_VERSION",
  "PEAC_POLICY_FALLBACK_PATH",
  "PEAC_POLICY_MAX_BYTES",
  "PEAC_POLICY_PATH",
  "PEAC_PURPOSE_APPLIED_HEADER",
  "PEAC_PURPOSE_HEADER",
  "PEAC_PURPOSE_REASON_HEADER",
  "PEAC_RECEIPT_HEADER",
  "PEAC_RECEIPT_SCHEMA_URL",
  "PEAC_WIRE_TYP",
  "POLICY_DECISIONS",
  "PRIVACY_EXTENSION_KEY",
  "PROOF_TYPES",
  "PROVENANCE_EXTENSION_KEY",
  "PURPOSE_EXTENSION_KEY",
  "PURPOSE_REASONS",
  "PURPOSE_TOKEN_REGEX",
  "PayloadRefSchema",
  "PaymentEvidenceSchema",
  "PaymentRoutingSchema",
  "PaymentSplitSchema",
  "PeacEvidenceCarrierSchema",
  "PillarsSchema",
  "PolicyBlockSchema",
  "PolicyContextSchema",
  "PrivacyExtensionSchema",
  "ProblemDetailsSchema",
  "ProofTypeSchema",
  "ProvenanceExtensionSchema",
  "PurposeExtensionSchema",
  "PurposeReasonSchema",
  "PurposeTokenSchema",
  "RECIPIENT_SCOPES",
  "REDACTION_MODES",
  "REGISTERED_EXTENSION_GROUP_KEYS",
  "REGISTERED_RECEIPT_TYPES",
  "REMEDIATION_TYPES",
  "REPRESENTATION_LIMITS",
  "RESERVED_KIND_PREFIXES",
  "RESULT_STATUSES",
  "RETENTION_MODES",
  "REVIEW_STATUSES",
  "REVOCATION_REASONS",
  "RISK_LEVELS",
  "ReceiptClaims",
  "ReceiptClaimsSchema",
  "ReceiptRefSchema",
  "ReceiptTypeSchema",
  "ReceiptUrlSchema",
  "RecipientScopeSchema",
  "RefsSchema",
  "RemediationSchema",
  "RemediationTypeSchema",
  "RepresentationFieldsSchema",
  "ResourceTargetSchema",
  "ResultSchema",
  "RetentionModeSchema",
  "ReviewStatusSchema",
  "RevokedKeyEntrySchema",
  "RevokedKeysArraySchema",
  "Rfc3339DateTimeSchema",
  "Rfc3339TimestampSchema",
  "RiskLevelSchema",
  "SAFETY_EXTENSION_KEY",
  "STEP_ID_PATTERN",
  "SafetyExtensionSchema",
  "Sha256DigestSchema",
  "SlsaLevelSchema",
  "SpdxExpressionSchema",
  "StepIdSchema",
  "SubjectProfileSchema",
  "SubjectProfileSnapshotSchema",
  "SubjectSchema",
  "SubjectTypeSchema",
  "TERMINAL_STATES",
  "TOOL_REGISTRY_EXTENSION_KEY",
  "TREATY_EXTENSION_KEY",
  "ToolRegistrySchema",
  "ToolTargetSchema",
  "TreatySchema",
  "VerifyRequestSchema",
  "WARNING_EXTENSION_GROUP_MISMATCH",
  "WARNING_EXTENSION_GROUP_MISSING",
  "WARNING_OCCURRED_AT_SKEW",
  "WARNING_TYPE_UNREGISTERED",
  "WARNING_TYP_MISSING",
  "WARNING_UNKNOWN_EXTENSION",
  "WELL_KNOWN_KINDS",
  "WORKFLOW_EXTENSION_KEY",
  "WORKFLOW_ID_PATTERN",
  "WORKFLOW_LIMITS",
  "WORKFLOW_STATUSES",
  "WORKFLOW_SUMMARY_TYPE",
  "Wire01JWSHeaderSchema",
  "Wire02ClaimsSchema",
  "Wire02KindSchema",
  "Wire02RepresentationFieldsSchema",
  "WorkflowContextSchema",
  "WorkflowErrorContextSchema",
  "WorkflowIdSchema",
  "WorkflowStatusSchema",
  "WorkflowSummaryAttestationSchema",
  "WorkflowSummaryEvidenceSchema",
  "assertJsonSafeIterative",
  "canTransitionTo",
  "checkOccurredAtSkew",
  "computeReceiptRef",
  "computeTotalWeight",
  "createAgentIdentityAttestation",
  "createAttestationReceiptClaims",
  "createAttributionAttestation",
  "createConstraintViolationError",
  "createContributionObligation",
  "createCreditObligation",
  "createDisputeAttestation",
  "createEvidenceNotJsonError",
  "createInteractionEvidence",
  "createObligationsExtension",
  "createPEACError",
  "createReceiptView",
  "createStepId",
  "createWorkflowContext",
  "createWorkflowContextInvalidError",
  "createWorkflowDagInvalidError",
  "createWorkflowId",
  "createWorkflowSummaryAttestation",
  "deriveKnownPurposes",
  "detectCycleInSources",
  "detectWireVersion",
  "determinePurposeReason",
  "extractObligationsExtension",
  "findRevokedKey",
  "fingerprintRefToString",
  "getAccessExtension",
  "getAttributionExtension",
  "getChallengeExtension",
  "getCommerceExtension",
  "getComplianceExtension",
  "getConsentExtension",
  "getCorrelationExtension",
  "getIdentityExtension",
  "getInteraction",
  "getPrivacyExtension",
  "getProvenanceExtension",
  "getPurposeExtension",
  "getSafetyExtension",
  "getValidTransitions",
  "hasInteraction",
  "hasUnknownPurposeTokens",
  "hasValidDagSemantics",
  "isAgentIdentityAttestation",
  "isAttestationExpired",
  "isAttestationNotYetValid",
  "isAttestationOnly",
  "isAttestationReceiptClaims",
  "isAttributionAttestation",
  "isAttributionExpired",
  "isAttributionNotYetValid",
  "isCanonicalIss",
  "isCanonicalPurpose",
  "isContributionRequired",
  "isCreditRequired",
  "isDigestTruncated",
  "isDisputeAttestation",
  "isDisputeExpired",
  "isDisputeNotYetValid",
  "isLegacyPurpose",
  "isMinimalInteractionBinding",
  "isOriginOnly",
  "isPaymentReceipt",
  "isReservedKindPrefix",
  "isTerminalState",
  "isTerminalWorkflowStatus",
  "isUndeclaredPurpose",
  "isValidAmountMinor",
  "isValidDisputeAttestation",
  "isValidExtensionKey",
  "isValidInteractionEvidence",
  "isValidPurposeReason",
  "isValidPurposeToken",
  "isValidReceiptType",
  "isValidWorkflowContext",
  "isWellKnownKind",
  "isWorkflowSummaryAttestation",
  "mapLegacyToCanonical",
  "normalizePurposeToken",
  "normalizeToCanonicalOrPreserve",
  "parsePurposeHeader",
  "parseReceiptClaims",
  "setInteraction",
  "sortWarnings",
  "stringToFingerprintRef",
  "toCoreClaims",
  "transitionDisputeState",
  "validateActorBinding",
  "validateAgentIdentityAttestation",
  "validateAttestationReceiptClaims",
  "validateAttributionAttestation",
  "validateAttributionSource",
  "validateCarrierConstraints",
  "validateContentHash",
  "validateContributionObligation",
  "validateControlAction",
  "validateCredentialEvent",
  "validateCreditObligation",
  "validateDisputeAttestation",
  "validateDisputeContact",
  "validateDisputeResolution",
  "validateEvidence",
  "validateIdentityBinding",
  "validateInteraction",
  "validateInteractionEvidence",
  "validateInteractionOrdered",
  "validateKernelConstraints",
  "validateKnownExtensions",
  "validateMVIS",
  "validateMinimalInteractionBinding",
  "validateObligationsExtension",
  "validatePurposeTokens",
  "validateRevokedKeys",
  "validateSubjectSnapshot",
  "validateToolRegistry",
  "validateTreaty",
  "validateWorkflowContext",
  "validateWorkflowContextOrdered",
  "validateWorkflowSummaryAttestation",
  "verifyPolicyBinding",
  "verifyReceiptRefConsistency",
]
`;
